[backblue.gif]
[fade.gif]
[index.html]
[localhost/joomla5/indexc0d0.php]
[localhost/joomla5/index7b17.php]
[localhost/joomla5/media/system/images/favicon.ico]
[localhost/joomla5/media/vendor/metismenujs/js/metismenujs.min1bf6.js]
[localhost/joomla5/media/templates/site/cassiopeia/js/mod_menu/menu-metismenu.min5810.js]
[localhost/joomla5/media/system/js/core.min87f9.js]
[localhost/joomla5/media/templates/site/cassiopeia/js/template.min5810.js]
[localhost/joomla5/media/vendor/bootstrap/js/collapse.mine55b.js]
[localhost/joomla5/media/vendor/jquery/js/jquery.min8a0c.js]
[localhost/joomla5/media/legacy/js/jquery-noconflict.min1fec.js]
[localhost/joomla5/media/system/js/fields/validate.min6691.js]
[localhost/joomla5/media/system/js/messages.min7adc.js]
[localhost/joomla5/media/mod_rscontact/js/jquery.validate5810.js]
[localhost/joomla5/media/mod_rscontact/js/rscontact5810.js]
[cdn.jsdelivr.net/npm/@emailjs/browser@4/dist/email.min.js]
[malsup.github.io/jquery.form.js]
[localhost/joomla5/images/foundationDoc.pdf]
[cdn.jsdelivr.net/npm/bootstrap@5.3.3/dist/css/bootstrap.min.css]
[localhost/joomla5/images/IWWD.pdf]
[localhost/joomla5/index.html]
[localhost/joomla5/media/system/images/joomla-favicon.svg]
[localhost/joomla5/media/system/images/joomla-favicon-pinned.svg]
[localhost/joomla5/media/vendor/fontawesome-free/webfonts/fa-regular-400d354.woff2]
[localhost/joomla5/media/vendor/fontawesome-free/webfonts/fa-regular-40081ab.ttf]
[localhost/joomla5/media/vendor/fontawesome-free/webfonts/fa-solid-900efad.woff2]
[localhost/joomla5/media/vendor/fontawesome-free/webfonts/fa-solid-9003efe.ttf]
[localhost/joomla5/media/vendor/fontawesome-free/webfonts/fa-brands-4005ed7.woff2]
[localhost/joomla5/media/vendor/fontawesome-free/webfonts/fa-brands-40089ad.ttf]
[localhost/joomla5/media/system/css/joomla-fontawesome.min5810.css]
[localhost/joomla5/media/templates/site/cassiopeia/css/global/colors_standard.min5810.css]
[localhost/joomla5/media/system/images/ajax-loadere204.gif]
[localhost/joomla5/media/templates/site/cassiopeia/css/template.min5810.css]
[localhost/joomla5/media/templates/site/cassiopeia/css/vendor/joomla-custom-elements/joomla-alert.min44b7.css]
[localhost/joomla5/media/mod_rscontact/css/rscontact5810.css]
[cdn.jsdelivr.net/npm/bootstrap@5.3.3/dist/css/bootstrap.min.css]
[localhost/joomla5/media/templates/site/cassiopeia/images/logo.svg]
[localhost/joomla5/media/templates/site/cassiopeia/images/select-bg.svg]
[localhost/joomla5/media/templates/site/cassiopeia/images/select-bgfe46.svg]
[localhost/joomla5/media/vendor/joomla-custom-elements/css/joomla-alert.css]
